   1:  
   2: /* Et minimalt Pascal-program */ 
   3: program Mini; 
Parser:   <program>
   4: begin 
   5:    write('x'); 
Parser:     <block>
Parser:     </StatmList>
Parser:   </StatmList>
Error in line 5: Expected a end but found a name!
